// Jest Snapshot v1, https://goo.gl/fbAQLP

exports[`Pane opens and collapses when title is clicked 1`] = `
<div
  className="card"
>
  <div
    className="card-body"
  >
    <a
      aria-controls="collapse-pane"
      aria-expanded={false}
      onClick={[Function]}
    >
      <h3>
        <svg
          aria-hidden="true"
          className="svg-inline--fa fa-plus fa-w-14 fa-pull-right "
          data-icon="plus"
          data-prefix="fas"
          focusable="false"
          role="img"
          style={Object {}}
          viewBox="0 0 448 512"
          xmlns="http://www.w3.org/2000/svg"
        >
          <path
            d="M416 208H272V64c0-17.67-14.33-32-32-32h-32c-17.67 0-32 14.33-32 32v144H32c-17.67 0-32 14.33-32 32v32c0 17.67 14.33 32 32 32h144v144c0 17.67 14.33 32 32 32h32c17.67 0 32-14.33 32-32V304h144c17.67 0 32-14.33 32-32v-32c0-17.67-14.33-32-32-32z"
            fill="currentColor"
            style={Object {}}
          />
        </svg>
      </h3>
    </a>
    <div
      aria-expanded={null}
      className="collapse"
      id="switching-pane"
    />
  </div>
</div>
`;

exports[`Pane opens and collapses when title is clicked 2`] = `
<div
  className="card"
>
  <div
    className="card-body"
  >
    <a
      aria-controls="collapse-pane"
      aria-expanded={false}
      onClick={[Function]}
    >
      <h3>
        <svg
          aria-hidden="true"
          className="svg-inline--fa fa-plus fa-w-14 fa-pull-right "
          data-icon="plus"
          data-prefix="fas"
          focusable="false"
          role="img"
          style={Object {}}
          viewBox="0 0 448 512"
          xmlns="http://www.w3.org/2000/svg"
        >
          <path
            d="M416 208H272V64c0-17.67-14.33-32-32-32h-32c-17.67 0-32 14.33-32 32v144H32c-17.67 0-32 14.33-32 32v32c0 17.67 14.33 32 32 32h144v144c0 17.67 14.33 32 32 32h32c17.67 0 32-14.33 32-32V304h144c17.67 0 32-14.33 32-32v-32c0-17.67-14.33-32-32-32z"
            fill="currentColor"
            style={Object {}}
          />
        </svg>
      </h3>
    </a>
    <div
      aria-expanded={null}
      className="collapse"
      id="switching-pane"
    />
  </div>
</div>
`;
